> Task :clean
> Task :checkKotlinGradlePluginConfigurationErrors

> Task :compileKotlin FAILED
e: file:///D:/Coding/Devlabs/devlabs-backend/src/main/kotlin/com/devlabs/devlabsbackend/individualscore/service/IndividualScoreService.kt:387:96 Expecting an element
e: file:///D:/Coding/Devlabs/devlabs-backend/src/main/kotlin/com/devlabs/devlabsbackend/individualscore/service/IndividualScoreService.kt:387:46 Unresolved reference: instructorCourses
e: file:///D:/Coding/Devlabs/devlabs-backend/src/main/kotlin/com/devlabs/devlabsbackend/individualscore/service/IndividualScoreService.kt:387:107 Cannot infer a type for this parameter. Please specify it explicitly.

FAILURE: Build failed with an exception.

* What went wrong:
Execution failed for task ':compileKotlin'.
> A failure occurred while executing org.jetbrains.kotlin.compilerRunner.GradleCompilerRunnerWithWorkers$GradleKotlinCompilerWorkAction
   > Compilation error. See log for more details

* Try:
> Run with --stacktrace option to get the stack trace.
> Run with --info or --debug option to get more log output.
> Run with --scan to get full insights.
> Get more help at https://help.gradle.org.

BUILD FAILED in 5s
3 actionable tasks: 3 executed
